Database path: C:\Users\alpus\Documents\Project_Flumberico\Project\Trading Journal\trading-journal\dev.db
Step 1: Creating better-sqlite3 database connection...
Step 1: DONE - Database connection created
Step 2: Creating Prisma adapter...
Step 2: DONE - Adapter created
Step 3: Creating PrismaClient...
Step 3: DONE - PrismaClient created
Step 4: Testing database query...
node : 
At line:1 char:1
+ node test-prisma-adapter.cjs 2>&1 > test-out
put.txt; cat test-output. ...
+ ~~~~~~~~~~~~~~~~~~~~~~~~~~~~~~~~~~~~~~~~~~~~
~~~~~~~
    + CategoryInfo          : NotSpecified: ( 
   :String) [], RemoteException
    + FullyQualifiedErrorId : NativeCommandEr 
   ror
 
=== ERROR DETAILS ===
Error name: TypeError
Error message: Cannot read properties of undef
ined (reading 'replace')
Error code: undefined
Error meta: undefined
Client version: 7.2.0

Full error stack: TypeError: Cannot read prope
rties of undefined (reading 'replace')
    at createBetterSQLite3Client (C:\Users\alp
us\Documents\Project_Flumberico\Project\Tradin
g Journal\trading-journal\node_modules\@prisma
\adapter-better-sqlite3\dist\index.js:648:22)
    at PrismaBetterSqlite3AdapterFactory.conne
ct (C:\Users\alpus\Documents\Project_Flumberic
o\Project\Trading Journal\trading-journal\node
_modules\@prisma\adapter-better-sqlite3\dist\i
ndex.js:637:59)
    at e.connect (C:\Users\alpus\Documents\Pro
ject_Flumberico\Project\Trading Journal\tradin
g-journal\node_modules\@prisma\client\runtime\
client.js:57:178)
    at #s (C:\Users\alpus\Documents\Project_Fl
umberico\Project\Trading Journal\trading-journ
al\node_modules\@prisma\client\runtime\client.
js:57:11947)
    at C:\Users\alpus\Documents\Project_Flumbe
rico\Project\Trading Journal\trading-journal\n
ode_modules\@prisma\client\runtime\client.js:5
7:11284
    at Object.runInChildSpan (C:\Users\alpus\D
ocuments\Project_Flumberico\Project\Trading Jo
urnal\trading-journal\node_modules\@prisma\cli
ent\runtime\client.js:65:2516)
    at ti.runInChildSpan (C:\Users\alpus\Docum
ents\Project_Flumberico\Project\Trading Journa
l\trading-journal\node_modules\@prisma\client\
runtime\client.js:65:2850)
    at #i (C:\Users\alpus\Documents\Project_Fl
umberico\Project\Trading Journal\trading-journ
al\node_modules\@prisma\client\runtime\client.
js:57:11222)
    at Dt.request (C:\Users\alpus\Documents\Pr
oject_Flumberico\Project\Trading Journal\tradi
ng-journal\node_modules\@prisma\client\runtime
\client.js:58:2015)
    at Object.singleLoader (C:\Users\alpus\Doc
uments\Project_Flumberico\Project\Trading Jour
nal\trading-journal\node_modules\@prisma\clien
t\runtime\client.js:65:6595)
